src/components/CheckoutForm.tsx(13,54): error TS6133: 'clientSecret' is declared but its value is never read.
src/pages/BookDetails.tsx(265,59): error TS2322: Type 'import("D:/E-commerce Book Store/frontend/src/types").Book' is not assignable to type 'Book'.
  Types of property 'genre' are incompatible.
    Type 'string | undefined' is not assignable to type 'string'.
      Type 'undefined' is not assignable to type 'string'.
src/pages/Cart.tsx(124,34): error TS6133: 'paymentId' is declared but its value is never read.
src/pages/Marketplace.tsx(150,85): error TS2322: Type 'import("D:/E-commerce Book Store/frontend/src/types").Book' is not assignable to type 'Book'.
  Types of property 'genre' are incompatible.
    Type 'string | undefined' is not assignable to type 'string'.
      Type 'undefined' is not assignable to type 'string'.
src/pages/Profile.tsx(28,18): error TS6133: 'setUser' is declared but its value is never read.
